// Jest Snapshot v1, https://goo.gl/fbAQLP

exports[`Update Profile should generate update profile page 1`] = `
<DocumentFragment>
  <div
    class="ant-skeleton"
  >
    <div
      class="ant-skeleton-content"
    >
      <h3
        class="ant-skeleton-title"
        style="width: 38%;"
      />
      <ul
        class="ant-skeleton-paragraph"
      >
        <li />
        <li />
        <li
          style="width: 61%;"
        />
      </ul>
    </div>
  </div>
</DocumentFragment>
`;
